  CommandHandler.cpp
D:\DLSU\CSOPESY\CSOPESY\MachineProject\Process.h(188,42): warning C4267: '=': conversion from 'size_t' to 'int', possible loss of data
  (compiling source file 'CommandHandler.cpp')
  
D:\DLSU\CSOPESY\CSOPESY\MachineProject\Process.h(229,36): warning C4101: 'e': unreferenced local variable
  (compiling source file 'CommandHandler.cpp')
  
D:\DLSU\CSOPESY\CSOPESY\MachineProject\Process.h(397,64): warning C4267: 'argument': conversion from 'size_t' to '_Ty', possible loss of data
D:\DLSU\CSOPESY\CSOPESY\MachineProject\Process.h(397,64): warning C4267:         with
D:\DLSU\CSOPESY\CSOPESY\MachineProject\Process.h(397,64): warning C4267:         [
D:\DLSU\CSOPESY\CSOPESY\MachineProject\Process.h(397,64): warning C4267:             _Ty=int
D:\DLSU\CSOPESY\CSOPESY\MachineProject\Process.h(397,64): warning C4267:         ]
  (compiling source file 'CommandHandler.cpp')
  
D:\DLSU\CSOPESY\CSOPESY\MachineProject\Scheduler.h(208,42): warning C4101: 'e': unreferenced local variable
  (compiling source file 'CommandHandler.cpp')
  
D:\DLSU\CSOPESY\CSOPESY\MachineProject\Scheduler.h(257,33): warning C4267: 'return': conversion from 'size_t' to 'int', possible loss of data
  (compiling source file 'CommandHandler.cpp')
  
D:\DLSU\CSOPESY\CSOPESY\MachineProject\CommandHandler.cpp(87,44): warning C4101: 'e': unreferenced local variable
  main.cpp
D:\DLSU\CSOPESY\CSOPESY\MachineProject\Process.h(188,42): warning C4267: '=': conversion from 'size_t' to 'int', possible loss of data
  (compiling source file 'main.cpp')
  
D:\DLSU\CSOPESY\CSOPESY\MachineProject\Process.h(229,36): warning C4101: 'e': unreferenced local variable
  (compiling source file 'main.cpp')
  
D:\DLSU\CSOPESY\CSOPESY\MachineProject\Process.h(397,64): warning C4267: 'argument': conversion from 'size_t' to '_Ty', possible loss of data
D:\DLSU\CSOPESY\CSOPESY\MachineProject\Process.h(397,64): warning C4267:         with
D:\DLSU\CSOPESY\CSOPESY\MachineProject\Process.h(397,64): warning C4267:         [
D:\DLSU\CSOPESY\CSOPESY\MachineProject\Process.h(397,64): warning C4267:             _Ty=int
D:\DLSU\CSOPESY\CSOPESY\MachineProject\Process.h(397,64): warning C4267:         ]
  (compiling source file 'main.cpp')
  
D:\DLSU\CSOPESY\CSOPESY\MachineProject\Scheduler.h(208,42): warning C4101: 'e': unreferenced local variable
  (compiling source file 'main.cpp')
  
D:\DLSU\CSOPESY\CSOPESY\MachineProject\Scheduler.h(257,33): warning C4267: 'return': conversion from 'size_t' to 'int', possible loss of data
  (compiling source file 'main.cpp')
  
  MemoryManager.cpp
  Process.cpp
D:\DLSU\CSOPESY\CSOPESY\MachineProject\Process.h(188,42): warning C4267: '=': conversion from 'size_t' to 'int', possible loss of data
  (compiling source file 'Process.cpp')
  
D:\DLSU\CSOPESY\CSOPESY\MachineProject\Process.h(229,36): warning C4101: 'e': unreferenced local variable
  (compiling source file 'Process.cpp')
  
D:\DLSU\CSOPESY\CSOPESY\MachineProject\Process.h(397,64): warning C4267: 'argument': conversion from 'size_t' to '_Ty', possible loss of data
D:\DLSU\CSOPESY\CSOPESY\MachineProject\Process.h(397,64): warning C4267:         with
D:\DLSU\CSOPESY\CSOPESY\MachineProject\Process.h(397,64): warning C4267:         [
D:\DLSU\CSOPESY\CSOPESY\MachineProject\Process.h(397,64): warning C4267:             _Ty=int
D:\DLSU\CSOPESY\CSOPESY\MachineProject\Process.h(397,64): warning C4267:         ]
  (compiling source file 'Process.cpp')
  
  Generating Code...
  MachineProject.vcxproj -> D:\DLSU\CSOPESY\CSOPESY\MachineProject\x64\Debug\MachineProject.exe
